// Jest Snapshot v1, https://goo.gl/fbAQLP

exports[`auth page should render a form 1`] = `
<div>
  <form
    class="authForm"
  >
    <label>
      <input
        placeholder="email"
        required=""
        type="email"
        value=""
      />
    </label>
    <label>
      <input
        placeholder="password"
        required=""
        type="password"
        value=""
      />
    </label>
    <button>
      submit
    </button>
  </form>
</div>
`;
