// Jest Snapshot v1, https://goo.gl/fbAQLP

exports[`Tests that the profile popup renders 1`] = `
<div>
  <div>
    <p />
  </div>
</div>
`;
